// Jest Snapshot v1, https://goo.gl/fbAQLP

exports[`DropdownLink $docs-i18n - renders dropdown link. 1`] = `
<div class="dropdown-wrapper">
  <a class="dropdown-title"><span class="title">VuePress</span> <span class="arrow right"></span></a>
  <ul class="nav-dropdown" style="display: none;" name="dropdown">
    <li class="dropdown-item">
      <!---->
      <a class="nav-link">Guide</a>
    </li>
    <li class="dropdown-item">
      <!---->
      <a class="nav-link">Config Reference</a>
    </li>
  </ul>
</div>
`;

exports[`DropdownLink $docs-local-theme - renders dropdown link. 1`] = `
<div class="dropdown-wrapper">
  <a class="dropdown-title"><span class="title">VuePress</span> <span class="arrow right"></span></a>
  <ul class="nav-dropdown" style="display: none;" name="dropdown">
    <li class="dropdown-item">
      <!---->
      <a class="nav-link">Guide</a>
    </li>
    <li class="dropdown-item">
      <!---->
      <a class="nav-link">Config Reference</a>
    </li>
  </ul>
</div>
`;

exports[`DropdownLink $docs-simple - renders dropdown link. 1`] = `
<div class="dropdown-wrapper">
  <a class="dropdown-title"><span class="title">VuePress</span> <span class="arrow right"></span></a>
  <ul class="nav-dropdown" style="display: none;" name="dropdown">
    <li class="dropdown-item">
      <!---->
      <a class="nav-link">Guide</a>
    </li>
    <li class="dropdown-item">
      <!---->
      <a class="nav-link">Config Reference</a>
    </li>
  </ul>
</div>
`;

exports[`DropdownLink $docs-simple-config - renders dropdown link. 1`] = `
<div class="dropdown-wrapper">
  <a class="dropdown-title"><span class="title">VuePress</span> <span class="arrow right"></span></a>
  <ul class="nav-dropdown" style="display: none;" name="dropdown">
    <li class="dropdown-item">
      <!---->
      <a class="nav-link">Guide</a>
    </li>
    <li class="dropdown-item">
      <!---->
      <a class="nav-link">Config Reference</a>
    </li>
  </ul>
</div>
`;
